
Discarded input sections

 .bss           0x00000000        0x0 build/stage1.o

Memory Configuration

Name             Origin             Length             Attributes
*default*        0x00000000         0xffffffff

Linker script and memory map

LOAD build/stage1.o
LOAD build/decompress.o
LOAD build/stage2.bin.o
                0x00000200                        SECTOR_SIZE = 0x200
                0x00007c00                        STAGE1_VMA = 0x7c00
                0x00000000                        STAGE1_LMA = 0x0

/DISCARD/
 *(.bss)
 *(.eh_frame)
 *(.rela.eh_frame)
 *(.comment)
 *(.note.gnu.property)
 *(.note.GNU-stack)
 *(.dynamic)
                0x00007c00                        . = STAGE1_VMA
                0x00007c00                        _sboot = .

.stage1         0x00007c00      0x200 load address 0x00000000
 build/stage1.o(.text .data .rodata)
 .text          0x00007c00      0x200 build/stage1.o
                0x00007c00                _start
                0x00007c03                diskread
                0x00007cb4                gdtr
                0x00007cc0                dapack
 .data          0x00007e00        0x0 build/stage1.o
                0x00007e00                        _eboot = .
                0x00000200                        _stage1_size = (_eboot - _sboot)
                0x00007e00                        . = (STAGE1_VMA + _stage1_size)
                0x00007e00                        _sentry = .

.decompress     0x00007e00     0x15a1 load address 0x00000200
 build/decompress.o(.text .data .rodata)
 .text          0x00007e00     0x1472 build/decompress.o
                0x00008be0                tinf_init
                0x00008bea                tinf_uncompress
                0x00008d84                tinf_crc32
                0x00008eba                tinf_gzip_uncompress
                0x000091b8                write_string
                0x00009219                entry
 *fill*         0x00009272        0x2 
 .data          0x00009274        0x0 build/decompress.o
 .rodata        0x00009274      0x12d build/decompress.o
                0x000093a1                        _eentry = .
                0x000015a1                        _entry_size = (_eentry - _sentry)
                0x000093a1                        _sstage2 = .

.stage2         0x000093a4       0x7c load address 0x000017a1
 build/stage2.bin.o(.data)
 *fill*         0x000093a4        0x0 
 .data          0x000093a4       0x7c build/stage2.bin.o
                0x000093a4                _binary_build_stage2_bin_gz_start
                0x00009420                _binary_build_stage2_bin_gz_end
                0x00009420                        _estage2 = .
                0x0000007f                        _stage2_size = (_estage2 - _sstage2)
OUTPUT(build/boot.bin binary)
